
Memory Configuration

Name             Origin             Length             Attributes
FLASH            0x08000000         0x00080000         xr
SRAM             0x20000000         0x00020000         xrw
*default*        0x00000000         0xffffffff

Linker script and memory map


.isr_vector     0x08000000      0x1c4
                0x08000000                . = ALIGN (0x4)
 *(.isr_vector)
 .isr_vector    0x08000000      0x1c4 StartupCode.o
                0x08000000                Vectors
                0x080001c4                . = ALIGN (0x4)

.text           0x080001c4      0xd08
                0x080001c4                . = ALIGN (0x4)
 *(.text)
 .text          0x080001c4       0x40 main.o
                0x080001c4                main
 .text          0x08000204       0x90 StartupCode.o
                0x08000204                RTC_Alarm_IRQHandler
                0x08000204                EXTI2_IRQHandler
                0x08000204                TIM8_CC_IRQHandler
                0x08000204                DebugMon_Handler
                0x08000204                FMPI2C1_EV_IRQHandler
                0x08000204                SPI4_IRQHandler
                0x08000204                TIM1_CC_IRQHandler
                0x08000204                DMA2_Stream5_IRQHandler
                0x08000204                HardFault_Handler
                0x08000204                DMA1_Stream5_IRQHandler
                0x08000204                PVD_IRQHandler
                0x08000204                SDIO_IRQHandler
                0x08000204                TAMP_STAMP_IRQHandler
                0x08000204                PendSV_Handler
                0x08000204                NMI_Handler
                0x08000204                CAN2_RX1_IRQHandler
                0x08000204                EXTI3_IRQHandler
                0x08000204                TIM1_UP_TIM10_IRQHandler
                0x08000204                TIM8_UP_TIM13_IRQHandler
                0x08000204                I2C3_ER_IRQHandler
                0x08000204                EXTI0_IRQHandler
                0x08000204                I2C2_EV_IRQHandler
                0x08000204                DMA1_Stream2_IRQHandler
                0x08000204                CAN1_RX0_IRQHandler
                0x08000204                FPU_IRQHandler
                0x08000204                OTG_HS_WKUP_IRQHandler
                0x08000204                UsageFault_Handler
                0x08000204                CAN2_SCE_IRQHandler
                0x08000204                DMA2_Stream2_IRQHandler
                0x08000204                SPI1_IRQHandler
                0x08000204                TIM6_DAC_IRQHandler
                0x08000204                TIM1_BRK_TIM9_IRQHandler
                0x08000204                DCMI_IRQHandler
                0x08000204                CAN2_RX0_IRQHandler
                0x08000204                DMA2_Stream3_IRQHandler
                0x08000204                SAI2_IRQHandler
                0x08000204                USART6_IRQHandler
                0x08000204                TIM1_TRG_COM_TIM11_IRQHandl
                0x08000204                USART3_IRQHandler
                0x08000204                SAI1_IRQHandler
                0x08000204                TIM8_TRG_COM_TIM14_IRQHandl
                0x08000204                CAN1_RX1_IRQHandler
                0x08000204                UART5_IRQHandler
                0x08000204                DMA2_Stream0_IRQHandler
                0x08000204                TIM4_IRQHandler
                0x08000204                QUADSPI_IRQHandler
                0x08000204                I2C1_EV_IRQHandler
                0x08000204                DMA1_Stream6_IRQHandler
                0x08000204                DMA1_Stream1_IRQHandler
                0x08000204                UART4_IRQHandler
                0x08000204                TIM3_IRQHandler
                0x08000204                RCC_IRQHandler
                0x08000204                TIM8_BRK_TIM12_IRQHandler
                0x08000204                Default_Handler
                0x08000204                CEC_IRQHandler
                0x08000204                EXTI15_10_IRQHandler
                0x08000204                ADC_IRQHandler
                0x08000204                DMA1_Stream7_IRQHandler
                0x08000204                TIM7_IRQHandler
                0x08000204                CAN2_TX_IRQHandler
                0x08000204                TIM5_IRQHandler
                0x08000204                DMA2_Stream7_IRQHandler
                0x08000204                I2C3_EV_IRQHandler
                0x08000204                EXTI9_5_IRQHandler
                0x08000204                RTC_WKUP_IRQHandler
                0x08000204                SPDIF_RX_IRQHandler
                0x08000204                SPI2_IRQHandler
                0x08000204                OTG_HS_EP1_IN_IRQHandler
                0x08000204                MemManage_Handler
                0x08000204                DMA1_Stream0_IRQHandler
                0x08000204                CAN1_TX_IRQHandler
                0x08000204                SVC_Handler
                0x08000204                FMPI2C1_ER_IRQHandler
                0x08000204                EXTI4_IRQHandler
                0x08000204                OTG_HS_EP1_OUT_IRQHandler
                0x08000204                WWDG_IRQHandler
                0x08000204                TIM2_IRQHandler
                0x08000204                OTG_FS_WKUP_IRQHandler
                0x08000204                OTG_HS_IRQHandler
                0x08000204                EXTI1_IRQHandler
                0x08000204                USART2_IRQHandler
                0x08000204                I2C2_ER_IRQHandler
                0x08000204                DMA2_Stream1_IRQHandler
                0x08000204                CAN1_SCE_IRQHandler
                0x08000204                FLASH_IRQHandler
                0x08000204                DMA2_Stream4_IRQHandler
                0x08000204                BusFault_Handler
                0x08000204                USART1_IRQHandler
                0x08000204                OTG_FS_IRQHandler
                0x08000204                SPI3_IRQHandler
                0x08000204                DMA1_Stream4_IRQHandler
                0x08000204                I2C1_ER_IRQHandler
                0x08000204                FMC_IRQHandler
                0x08000204                DMA2_Stream6_IRQHandler
                0x08000204                DMA1_Stream3_IRQHandler
                0x0800020a                Reset_Handler
 .text          0x08000294      0x4ac GPIO_Prog.o
                0x08000294                GPIO_u8PinInit
                0x080004b8                GPIO_u8SetPinValue
                0x08000598                GPIO_u8TogglePinValue
                0x08000664                GPIO_u8ReadPinValue
 .text          0x08000740      0x5b8 RCC_Prog.o
                0x08000740                RCC_SetSysClock
                0x08000780                RCC_SetClockStatus
                0x080009a0                RCC_PLLMConfig
                0x08000a64                RCC_AHBConfig
                0x08000aa4                RCC_APBConfig
                0x08000b04                RCC_AHB1EnableClock
                0x08000b34                RCC_AHB1DisableClock
                0x08000b68                RCC_AHB2EnableClock
                0x08000b98                RCC_AHB2DisableClock
                0x08000bcc                RCC_AHB3EnableClock
                0x08000bfc                RCC_AHB3DisableClock
                0x08000c30                RCC_APB1EnableClock
                0x08000c60                RCC_APB1DisableClock
                0x08000c94                RCC_APB2EnableClock
                0x08000cc4                RCC_APB2DisableClock
 .text          0x08000cf8      0x1d4 SysTick_Prog.o
                0x08000cf8                SysTick_Init
                0x08000d58                SysTick_Delayus
                0x08000dcc                SysTick_Delayms
                0x08000dec                SysTick_InterruptTimer_ms
                0x08000e60                SysTick_DisableInterrupt
                0x08000e7c                Systick_InterruptSetCallBack
                0x08000eb0                SysTick_Handler
 *(.text*)
                0x08000ecc                . = ALIGN (0x4)

.glue_7         0x08000ecc        0x0
 .glue_7        0x08000ecc        0x0 linker stubs

.glue_7t        0x08000ecc        0x0
 .glue_7t       0x08000ecc        0x0 linker stubs

.vfp11_veneer   0x08000ecc        0x0
 .vfp11_veneer  0x08000ecc        0x0 linker stubs

.v4_bx          0x08000ecc        0x0
 .v4_bx         0x08000ecc        0x0 linker stubs

.iplt           0x08000ecc        0x0
 .iplt          0x08000ecc        0x0 main.o

.rel.dyn        0x08000ecc        0x0
 .rel.iplt      0x08000ecc        0x0 main.o

.rodata         0x08000ecc        0x0
                0x08000ecc                . = ALIGN (0x4)
 *(.rodata)
 *(.rodata*)
                0x08000ecc                . = ALIGN (0x4)
                0x08000ecc                _sidata = LOADADDR (.data)

.data           0x20000000        0x0 load address 0x08000ecc
                0x20000000                _sdata = .
                0x20000000                . = ALIGN (0x4)
 *(.data)
 .data          0x20000000        0x0 main.o
 .data          0x20000000        0x0 StartupCode.o
 .data          0x20000000        0x0 GPIO_Prog.o
 .data          0x20000000        0x0 RCC_Prog.o
 .data          0x20000000        0x0 SysTick_Prog.o
 *(.data*)
                0x20000000                . = ALIGN (0x4)
                0x20000000                _edata = .

.igot.plt       0x20000000        0x0 load address 0x08000ecc
 .igot.plt      0x20000000        0x0 main.o

.bss            0x20000000        0x8 load address 0x08000ecc
                0x20000000                _sbss = .
                0x20000000                . = ALIGN (0x4)
 *(.bss)
 .bss           0x20000000        0x0 main.o
 .bss           0x20000000        0x0 StartupCode.o
 .bss           0x20000000        0x0 GPIO_Prog.o
 .bss           0x20000000        0x0 RCC_Prog.o
 .bss           0x20000000        0x8 SysTick_Prog.o
 *(.bss*)
                0x20000008                . = ALIGN (0x4)
                0x20000008                _ebss = .
LOAD main.o
LOAD StartupCode.o
LOAD GPIO_Prog.o
LOAD RCC_Prog.o
LOAD SysTick_Prog.o
OUTPUT(Mohamed_Tarek.elf elf32-littlearm)
LOAD linker stubs

.comment        0x00000000       0x49
 .comment       0x00000000       0x49 main.o
                                 0x4a (size before relaxing)
 .comment       0x00000049       0x4a StartupCode.o
 .comment       0x00000049       0x4a GPIO_Prog.o
 .comment       0x00000049       0x4a RCC_Prog.o
 .comment       0x00000049       0x4a SysTick_Prog.o

.ARM.attributes
                0x00000000       0x2e
 .ARM.attributes
                0x00000000       0x2e main.o
 .ARM.attributes
                0x0000002e       0x2e StartupCode.o
 .ARM.attributes
                0x0000005c       0x2e GPIO_Prog.o
 .ARM.attributes
                0x0000008a       0x2e RCC_Prog.o
 .ARM.attributes
                0x000000b8       0x2e SysTick_Prog.o
